Archive member included to satisfy reference by file (symbol)

e:/siliconlabs/simplicitystudio/v4/developer/toolchains/gnu_arm/7.2_2017q4/bin/../lib/gcc/arm-none-eabi/7.2.1/../../../../arm-none-eabi/lib/thumb/v7-m\libc_nano.a(lib_a-abs.o)
                              ./drivers/segmentlcd.o (abs)
e:/siliconlabs/simplicitystudio/v4/developer/toolchains/gnu_arm/7.2_2017q4/bin/../lib/gcc/arm-none-eabi/7.2.1/../../../../arm-none-eabi/lib/thumb/v7-m\libc_nano.a(lib_a-exit.o)
                              e:/siliconlabs/simplicitystudio/v4/developer/toolchains/gnu_arm/7.2_2017q4/bin/../lib/gcc/arm-none-eabi/7.2.1/../../../../arm-none-eabi/lib/thumb/v7-m/crt0.o (exit)
e:/siliconlabs/simplicitystudio/v4/developer/toolchains/gnu_arm/7.2_2017q4/bin/../lib/gcc/arm-none-eabi/7.2.1/../../../../arm-none-eabi/lib/thumb/v7-m\libc_nano.a(lib_a-impure.o)
                              e:/siliconlabs/simplicitystudio/v4/developer/toolchains/gnu_arm/7.2_2017q4/bin/../lib/gcc/arm-none-eabi/7.2.1/../../../../arm-none-eabi/lib/thumb/v7-m\libc_nano.a(lib_a-exit.o) (_global_impure_ptr)
e:/siliconlabs/simplicitystudio/v4/developer/toolchains/gnu_arm/7.2_2017q4/bin/../lib/gcc/arm-none-eabi/7.2.1/../../../../arm-none-eabi/lib/thumb/v7-m\libc_nano.a(lib_a-init.o)
                              e:/siliconlabs/simplicitystudio/v4/developer/toolchains/gnu_arm/7.2_2017q4/bin/../lib/gcc/arm-none-eabi/7.2.1/../../../../arm-none-eabi/lib/thumb/v7-m/crt0.o (__libc_init_array)
e:/siliconlabs/simplicitystudio/v4/developer/toolchains/gnu_arm/7.2_2017q4/bin/../lib/gcc/arm-none-eabi/7.2.1/../../../../arm-none-eabi/lib/thumb/v7-m\libc_nano.a(lib_a-memset.o)
                              e:/siliconlabs/simplicitystudio/v4/developer/toolchains/gnu_arm/7.2_2017q4/bin/../lib/gcc/arm-none-eabi/7.2.1/../../../../arm-none-eabi/lib/thumb/v7-m/crt0.o (memset)
e:/siliconlabs/simplicitystudio/v4/developer/toolchains/gnu_arm/7.2_2017q4/bin/../lib/gcc/arm-none-eabi/7.2.1/../../../../arm-none-eabi/lib/thumb/v7-m\libc_nano.a(lib_a-rand.o)
                              ./src/game_logic.o (srand)
e:/siliconlabs/simplicitystudio/v4/developer/toolchains/gnu_arm/7.2_2017q4/bin/../lib/gcc/arm-none-eabi/7.2.1/../../../../arm-none-eabi/lib/thumb/v7-m\libc_nano.a(lib_a-strlen.o)
                              ./drivers/segmentlcd.o (strlen)
e:/siliconlabs/simplicitystudio/v4/developer/toolchains/gnu_arm/7.2_2017q4/bin/../lib/gcc/arm-none-eabi/7.2.1/../../../../arm-none-eabi/lib/thumb/v7-m\libc_nano.a(lib_a-time.o)
                              ./src/game_logic.o (time)
e:/siliconlabs/simplicitystudio/v4/developer/toolchains/gnu_arm/7.2_2017q4/bin/../lib/gcc/arm-none-eabi/7.2.1/../../../../arm-none-eabi/lib/thumb/v7-m\libc_nano.a(lib_a-gettimeofdayr.o)
                              e:/siliconlabs/simplicitystudio/v4/developer/toolchains/gnu_arm/7.2_2017q4/bin/../lib/gcc/arm-none-eabi/7.2.1/../../../../arm-none-eabi/lib/thumb/v7-m\libc_nano.a(lib_a-time.o) (_gettimeofday_r)
e:/siliconlabs/simplicitystudio/v4/developer/toolchains/gnu_arm/7.2_2017q4/bin/../lib/gcc/arm-none-eabi/7.2.1/../../../../arm-none-eabi/lib/thumb/v7-m\libc_nano.a(lib_a-malloc.o)
                              e:/siliconlabs/simplicitystudio/v4/developer/toolchains/gnu_arm/7.2_2017q4/bin/../lib/gcc/arm-none-eabi/7.2.1/../../../../arm-none-eabi/lib/thumb/v7-m\libc_nano.a(lib_a-rand.o) (malloc)
e:/siliconlabs/simplicitystudio/v4/developer/toolchains/gnu_arm/7.2_2017q4/bin/../lib/gcc/arm-none-eabi/7.2.1/../../../../arm-none-eabi/lib/thumb/v7-m\libc_nano.a(lib_a-nano-freer.o)
                              e:/siliconlabs/simplicitystudio/v4/developer/toolchains/gnu_arm/7.2_2017q4/bin/../lib/gcc/arm-none-eabi/7.2.1/../../../../arm-none-eabi/lib/thumb/v7-m\libc_nano.a(lib_a-malloc.o) (_free_r)
e:/siliconlabs/simplicitystudio/v4/developer/toolchains/gnu_arm/7.2_2017q4/bin/../lib/gcc/arm-none-eabi/7.2.1/../../../../arm-none-eabi/lib/thumb/v7-m\libc_nano.a(lib_a-nano-mallocr.o)
                              e:/siliconlabs/simplicitystudio/v4/developer/toolchains/gnu_arm/7.2_2017q4/bin/../lib/gcc/arm-none-eabi/7.2.1/../../../../arm-none-eabi/lib/thumb/v7-m\libc_nano.a(lib_a-malloc.o) (_malloc_r)
e:/siliconlabs/simplicitystudio/v4/developer/toolchains/gnu_arm/7.2_2017q4/bin/../lib/gcc/arm-none-eabi/7.2.1/../../../../arm-none-eabi/lib/thumb/v7-m\libc_nano.a(lib_a-reent.o)
                              e:/siliconlabs/simplicitystudio/v4/developer/toolchains/gnu_arm/7.2_2017q4/bin/../lib/gcc/arm-none-eabi/7.2.1/../../../../arm-none-eabi/lib/thumb/v7-m\libc_nano.a(lib_a-gettimeofdayr.o) (errno)
e:/siliconlabs/simplicitystudio/v4/developer/toolchains/gnu_arm/7.2_2017q4/bin/../lib/gcc/arm-none-eabi/7.2.1/../../../../arm-none-eabi/lib/thumb/v7-m\libc_nano.a(lib_a-sbrkr.o)
                              e:/siliconlabs/simplicitystudio/v4/developer/toolchains/gnu_arm/7.2_2017q4/bin/../lib/gcc/arm-none-eabi/7.2.1/../../../../arm-none-eabi/lib/thumb/v7-m\libc_nano.a(lib_a-nano-mallocr.o) (_sbrk_r)
[...]
Memory Configuration

Name             Origin             Length             Attributes
FLASH            0x00000000         0x00100000         xr
RAM              0x20000000         0x00020000         xrw
*default*        0x00000000         0xffffffff

Linker script and memory map

LOAD e:/siliconlabs/simplicitystudio/v4/developer/toolchains/gnu_arm/7.2_2017q4/bin/../lib/gcc/arm-none-eabi/7.2.1/thumb/v7-m/crti.o
LOAD e:/siliconlabs/simplicitystudio/v4/developer/toolchains/gnu_arm/7.2_2017q4/bin/../lib/gcc/arm-none-eabi/7.2.1/thumb/v7-m/crtbegin.o
LOAD e:/siliconlabs/simplicitystudio/v4/developer/toolchains/gnu_arm/7.2_2017q4/bin/../lib/gcc/arm-none-eabi/7.2.1/../../../../arm-none-eabi/lib/thumb/v7-m/crt0.o
LOAD ./CMSIS/EFM32GG/startup_efm32gg.o
LOAD ./CMSIS/EFM32GG/system_efm32gg.o
LOAD ./drivers/segmentlcd.o
LOAD ./emlib/em_cmu.o
LOAD ./emlib/em_lcd.o
LOAD ./emlib/em_system.o
LOAD ./src/game_logic.o
LOAD ./src/hardware_control.o
LOAD ./src/main.o
LOAD ./src/segmentlcd_individual.o
START GROUP
LOAD e:/siliconlabs/simplicitystudio/v4/developer/toolchains/gnu_arm/7.2_2017q4/bin/../lib/gcc/arm-none-eabi/7.2.1/thumb/v7-m\libgcc.a
LOAD e:/siliconlabs/simplicitystudio/v4/developer/toolchains/gnu_arm/7.2_2017q4/bin/../lib/gcc/arm-none-eabi/7.2.1/../../../../arm-none-eabi/lib/thumb/v7-m\libc_nano.a
LOAD e:/siliconlabs/simplicitystudio/v4/developer/toolchains/gnu_arm/7.2_2017q4/bin/../lib/gcc/arm-none-eabi/7.2.1/../../../../arm-none-eabi/lib/thumb/v7-m\libnosys.a
END GROUP
START GROUP
LOAD e:/siliconlabs/simplicitystudio/v4/developer/toolchains/gnu_arm/7.2_2017q4/bin/../lib/gcc/arm-none-eabi/7.2.1/thumb/v7-m\libgcc.a
LOAD e:/siliconlabs/simplicitystudio/v4/developer/toolchains/gnu_arm/7.2_2017q4/bin/../lib/gcc/arm-none-eabi/7.2.1/../../../../arm-none-eabi/lib/thumb/v7-m\libg_nano.a
LOAD e:/siliconlabs/simplicitystudio/v4/developer/toolchains/gnu_arm/7.2_2017q4/bin/../lib/gcc/arm-none-eabi/7.2.1/../../../../arm-none-eabi/lib/thumb/v7-m\libc_nano.a
END GROUP
START GROUP
LOAD e:/siliconlabs/simplicitystudio/v4/developer/toolchains/gnu_arm/7.2_2017q4/bin/../lib/gcc/arm-none-eabi/7.2.1/thumb/v7-m\libgcc.a
LOAD e:/siliconlabs/simplicitystudio/v4/developer/toolchains/gnu_arm/7.2_2017q4/bin/../lib/gcc/arm-none-eabi/7.2.1/../../../../arm-none-eabi/lib/thumb/v7-m\libc_nano.a
END GROUP
LOAD e:/siliconlabs/simplicitystudio/v4/developer/toolchains/gnu_arm/7.2_2017q4/bin/../lib/gcc/arm-none-eabi/7.2.1/thumb/v7-m/crtend.o
LOAD e:/siliconlabs/simplicitystudio/v4/developer/toolchains/gnu_arm/7.2_2017q4/bin/../lib/gcc/arm-none-eabi/7.2.1/thumb/v7-m/crtn.o

.text           0x00000000     0x262c
 *(.vectors)
 .vectors       0x00000000       0xdc ./CMSIS/EFM32GG/startup_efm32gg.o
                0x00000000                __Vectors
                0x000000dc                __Vectors_End = .
                0x000000dc                __Vectors_Size = (__Vectors_End - __Vectors)
                0x000000dc                __end__ = .
 *(.text*)
 .text          0x000000dc       0x40 e:/siliconlabs/simplicitystudio/v4/developer/toolchains/gnu_arm/7.2_2017q4/bin/../lib/gcc/arm-none-eabi/7.2.1/thumb/v7-m/crtbegin.o
 .text          0x0000011c       0x74 e:/siliconlabs/simplicitystudio/v4/developer/toolchains/gnu_arm/7.2_2017q4/bin/../lib/gcc/arm-none-eabi/7.2.1/../../../../arm-none-eabi/lib/thumb/v7-m/crt0.o
                0x0000011c                _start
                0x0000011c                _mainCRTStartup
 .text          0x00000190       0x30 ./CMSIS/EFM32GG/startup_efm32gg.o
                0x00000190                Reset_Handler
                0x000001bc                DebugMon_Handler
                0x000001bc                USART0_TX_IRQHandler
                0x000001bc                I2C0_IRQHandler
                0x000001bc                HardFault_Handler
                0x000001bc                LEUART1_IRQHandler
                0x000001bc                SysTick_Handler
                0x000001bc                USART1_RX_IRQHandler
                0x000001bc                PendSV_Handler
                0x000001bc                NMI_Handler
                0x000001bc                I2C1_IRQHandler
                0x000001bc                TIMER3_IRQHandler
                0x000001bc                USART1_TX_IRQHandler
                0x000001bc                MSC_IRQHandler
                0x000001bc                ADC0_IRQHandler
                0x000001bc                UsageFault_Handler
                0x000001bc                LEUART0_IRQHandler
                0x000001bc                GPIO_EVEN_IRQHandler
                0x000001bc                UART0_TX_IRQHandler
                0x000001bc                UART1_TX_IRQHandler
                0x000001bc                RTC_IRQHandler
                0x000001bc                TIMER0_IRQHandler
                0x000001bc                TIMER2_IRQHandler
                0x000001bc                LCD_IRQHandler
                0x000001bc                PCNT2_IRQHandler
                0x000001bc                UART0_RX_IRQHandler
                0x000001bc                LETIMER0_IRQHandler
                0x000001bc                TIMER1_IRQHandler
                0x000001bc                USART2_RX_IRQHandler
                0x000001bc                Default_Handler
                0x000001bc                EMU_IRQHandler
                0x000001bc                PCNT0_IRQHandler
                0x000001bc                sl_app_properties
                0x000001bc                USB_IRQHandler
                0x000001bc                BURTC_IRQHandler
                0x000001bc                PCNT1_IRQHandler
                0x000001bc                ACMP0_IRQHandler
                0x000001bc                USART0_RX_IRQHandler
                0x000001bc                MemManage_Handler
                0x000001bc                SVC_Handler
                0x000001bc                DAC0_IRQHandler
                0x000001bc                UART1_RX_IRQHandler
                0x000001bc                CMU_IRQHandler
                0x000001bc                EBI_IRQHandler
                0x000001bc                LESENSE_IRQHandler
                0x000001bc                GPIO_ODD_IRQHandler
                0x000001bc                AES_IRQHandler
                0x000001bc                VCMP_IRQHandler
                0x000001bc                DMA_IRQHandler
                0x000001bc                BusFault_Handler
                0x000001bc                USART2_TX_IRQHandler
 .text.GetProdRev
                0x000001c0       0x18 ./CMSIS/EFM32GG/system_efm32gg.o
 .text.SystemCoreClockGet
                0x000001d8       0x34 ./CMSIS/EFM32GG/system_efm32gg.o
                0x000001d8                SystemCoreClockGet
 .text.SystemMaxCoreClockGet
                0x0000020c       0x14 ./CMSIS/EFM32GG/system_efm32gg.o
                0x0000020c                SystemMaxCoreClockGet
 .text.SystemHFClockGet
                0x00000220      0x100 ./CMSIS/EFM32GG/system_efm32gg.o
                0x00000220                SystemHFClockGet
 .text.SystemHFXOClockGet
                0x00000320       0x14 ./CMSIS/EFM32GG/system_efm32gg.o
                0x00000320                SystemHFXOClockGet
 .text.SystemInit
                0x00000334       0x1c ./CMSIS/EFM32GG/system_efm32gg.o
                0x00000334                SystemInit
 .text.SystemLFRCOClockGet
                0x00000350       0x10 ./CMSIS/EFM32GG/system_efm32gg.o
                0x00000350                SystemLFRCOClockGet
 .text.SystemULFRCOClockGet
                0x00000360       0x10 ./CMSIS/EFM32GG/system_efm32gg.o
                0x00000360                SystemULFRCOClockGet
 .text.SystemLFXOClockGet
                0x00000370       0x14 ./CMSIS/EFM32GG/system_efm32gg.o
                0x00000370                SystemLFXOClockGet
 .text.LCD_FreezeEnable
                0x00000384       0x2c ./drivers/segmentlcd.o
 .text.LCD_SyncBusyDelay
                0x000003b0       0x24 ./drivers/segmentlcd.o
 .text.LCD_IntDisable
                0x000003d4       0x24 ./drivers/segmentlcd.o
 .text.SegmentLCD_AllOff
                0x000003f8       0xac ./drivers/segmentlcd.o
                0x000003f8                SegmentLCD_AllOff
 .text.SegmentLCD_Init
                0x000004a4       0xb8 ./drivers/segmentlcd.o
                0x000004a4                SegmentLCD_Init
 .text.SegmentLCD_NumberOff
                0x0000055c       0x4e ./drivers/segmentlcd.o
                0x0000055c                SegmentLCD_NumberOff
 *fill*         0x000005aa        0x2 
 .text.SegmentLCD_UnsignedHex
                0x000005ac       0xc8 ./drivers/segmentlcd.o
                0x000005ac                SegmentLCD_UnsignedHex
 .text.BUS_RegBitWrite
                0x00000674       0x2c ./emlib/em_cmu.o
 .text.BUS_RegBitRead
                0x000006a0       0x28 ./emlib/em_cmu.o
 .text.CMU_DivToLog2
                0x000006c8       0x30 ./emlib/em_cmu.o
 .text.SYSTEM_GetProdRev
                0x000006f8       0x18 ./emlib/em_cmu.o
 .text.SYSTEM_GetFamily
                0x00000710       0x18 ./emlib/em_cmu.o
 .text.maxFreqHfle
                0x00000728       0x7c ./emlib/em_cmu.o
 .text.setHfLeConfig
                0x000007a4       0x64 ./emlib/em_cmu.o
 .text.getHfLeConfig
                0x00000808       0x20 ./emlib/em_cmu.o
 .text.auxClkGet
                0x00000828       0xb0 ./emlib/em_cmu.o
 .text.dbgClkGet
                0x000008d8       0x40 ./emlib/em_cmu.o
 .text.flashWaitStateControl
                0x00000918       0x98 ./emlib/em_cmu.o
 .text.flashWaitStateMax
                0x000009b0       0x44 ./emlib/em_cmu.o
 .text.CMU_UpdateWaitStates
                0x000009f4       0x40 ./emlib/em_cmu.o
                0x000009f4                CMU_UpdateWaitStates
 .text.lfClkGet
                0x00000a34       0xec ./emlib/em_cmu.o
 .text.syncReg  0x00000b20       0x34 ./emlib/em_cmu.o
 .text.usbCClkGet
                0x00000b54       0x4c ./emlib/em_cmu.o
 .text.hfperClkSafePrescaler
                0x00000ba0        0xc ./emlib/em_cmu.o
 .text.hfperClkOptimizedPrescaler
                0x00000bac        0xc ./emlib/em_cmu.o
 .text.CMU_ClockDivSet
                0x00000bb8      0x22c ./emlib/em_cmu.o
                0x00000bb8                CMU_ClockDivSet
 .text.CMU_ClockEnable
                0x00000de4       0xd0 ./emlib/em_cmu.o
                0x00000de4                CMU_ClockEnable
 .text.CMU_ClockFreqGet
                0x00000eb4      0x1d8 ./emlib/em_cmu.o
                0x00000eb4                CMU_ClockFreqGet
 .text.CMU_ClockSelectGet
                0x0000108c      0x15c ./emlib/em_cmu.o
                0x0000108c                CMU_ClockSelectGet
 .text.CMU_ClockSelectSet
                0x000011e8      0x2a4 ./emlib/em_cmu.o
                0x000011e8                CMU_ClockSelectSet
 .text.CMU_LCDClkFDIVSet
                0x0000148c       0x3c ./emlib/em_cmu.o
                0x0000148c                CMU_LCDClkFDIVSet
 .text.CMU_OscillatorEnable
                0x000014c8       0xbc ./emlib/em_cmu.o
                0x000014c8                CMU_OscillatorEnable
 .text.LCD_Enable
                0x00001584       0x38 ./emlib/em_lcd.o
 .text.BUS_RegBitWrite
                0x000015bc       0x2c ./emlib/em_lcd.o
 .text.LCD_Init
                0x000015e8       0x78 ./emlib/em_lcd.o
                0x000015e8                LCD_Init
 .text.LCD_VLCDSelect
                0x00001660       0x44 ./emlib/em_lcd.o
                0x00001660                LCD_VLCDSelect
 .text.LCD_SegmentRangeEnable
                0x000016a4       0x40 ./emlib/em_lcd.o
                0x000016a4                LCD_SegmentRangeEnable
 .text.LCD_SegmentSet
                0x000016e4      0x1c8 ./emlib/em_lcd.o
                0x000016e4                LCD_SegmentSet
 .text.LCD_SegmentSetLow
                0x000018ac      0x17c ./emlib/em_lcd.o
                0x000018ac                LCD_SegmentSetLow
 .text.LCD_SegmentSetHigh
                0x00001a28      0x17c ./emlib/em_lcd.o
                0x00001a28                LCD_SegmentSetHigh
 .text.LCD_VBoostSet
                0x00001ba4       0x28 ./emlib/em_lcd.o
                0x00001ba4                LCD_VBoostSet
 .text.SYSTEM_ChipRevisionGet
                0x00001bcc       0x78 ./emlib/em_system.o
                0x00001bcc                SYSTEM_ChipRevisionGet
 .text.initializeGame
                0x00001c44       0xa8 ./src/game_logic.o
                0x00001c44                initializeGame
 .text.gameManager
                0x00001cec       0xd4 ./src/game_logic.o
                0x00001cec                gameManager
 .text.selectShip
                0x00001dc0       0x84 ./src/game_logic.o
                0x00001dc0                selectShip
 .text.SYSTEM_GetProdRev
                0x00001e44       0x18 ./src/hardware_control.o
 .text.CHIP_Init
                0x00001e5c       0x48 ./src/hardware_control.o
 .text.initializeHardware
                0x00001ea4       0x12 ./src/hardware_control.o
                0x00001ea4                initializeHardware
 *fill*         0x00001eb6        0x2 
 .text.delay    0x00001eb8       0x28 ./src/hardware_control.o
                0x00001eb8                delay
 .text.clearDisplay
                0x00001ee0       0x34 ./src/hardware_control.o
                0x00001ee0                clearDisplay
 .text.displayShip
                0x00001f14       0xe4 ./src/hardware_control.o
                0x00001f14                displayShip
 .text.displayShots
                0x00001ff8       0x18 ./src/hardware_control.o
                0x00001ff8                displayShots
 .text.main     0x00002010       0x12 ./src/main.o
                0x00002010                main
 *fill*         0x00002022        0x2 
 .text.LCD_FreezeEnable
                0x00002024       0x2c ./src/segmentlcd_individual.o
 .text.LCD_SyncBusyDelay
                0x00002050       0x24 ./src/segmentlcd_individual.o
 .text.SegmentLCD_LowerSegments
                0x00002074       0xb0 ./src/segmentlcd_individual.o
                0x00002074                SegmentLCD_LowerSegments
 .text.exit     0x00002124       0x28 e:/siliconlabs/simplicitystudio/v4/developer/toolchains/gnu_arm/7.2_2017q4/bin/../lib/gcc/arm-none-eabi/7.2.1/../../../../arm-none-eabi/lib/thumb/v7-m\libc_nano.a(lib_a-exit.o)
                0x00002124                exit
 .text.__libc_init_array
                0x0000214c       0x48 e:/siliconlabs/simplicitystudio/v4/developer/toolchains/gnu_arm/7.2_2017q4/bin/../lib/gcc/arm-none-eabi/7.2.1/../../../../arm-none-eabi/lib/thumb/v7-m\libc_nano.a(lib_a-init.o)
                0x0000214c                __libc_init_array
 .text.memset   0x00002194       0x10 e:/siliconlabs/simplicitystudio/v4/developer/toolchains/gnu_arm/7.2_2017q4/bin/../lib/gcc/arm-none-eabi/7.2.1/../../../../arm-none-eabi/lib/thumb/v7-m\libc_nano.a(lib_a-memset.o)
                0x00002194                memset
 .text.srand    0x000021a4       0x48 e:/siliconlabs/simplicitystudio/v4/developer/toolchains/gnu_arm/7.2_2017q4/bin/../lib/gcc/arm-none-eabi/7.2.1/../../../../arm-none-eabi/lib/thumb/v7-m\libc_nano.a(lib_a-rand.o)
                0x000021a4                srand
 .text.rand     0x000021ec       0x68 e:/siliconlabs/simplicitystudio/v4/developer/toolchains/gnu_arm/7.2_2017q4/bin/../lib/gcc/arm-none-eabi/7.2.1/../../../../arm-none-eabi/lib/thumb/v7-m\libc_nano.a(lib_a-rand.o)
                0x000021ec                rand
 .text.time     0x00002254       0x34 e:/siliconlabs/simplicitystudio/v4/developer/toolchains/gnu_arm/7.2_2017q4/bin/../lib/gcc/arm-none-eabi/7.2.1/../../../../arm-none-eabi/lib/thumb/v7-m\libc_nano.a(lib_a-time.o)
                0x00002254                time
 .text._gettimeofday_r
                0x00002288       0x24 e:/siliconlabs/simplicitystudio/v4/developer/toolchains/gnu_arm/7.2_2017q4/bin/../lib/gcc/arm-none-eabi/7.2.1/../../../../arm-none-eabi/lib/thumb/v7-m\libc_nano.a(lib_a-gettimeofdayr.o)
                0x00002288                _gettimeofday_r
 .text.malloc   0x000022ac       0x10 e:/siliconlabs/simplicitystudio/v4/developer/toolchains/gnu_arm/7.2_2017q4/bin/../lib/gcc/arm-none-eabi/7.2.1/../../../../arm-none-eabi/lib/thumb/v7-m\libc_nano.a(lib_a-malloc.o)
                0x000022ac                malloc
 .text._malloc_r
                0x000022bc       0xb4 e:/siliconlabs/simplicitystudio/v4/developer/toolchains/gnu_arm/7.2_2017q4/bin/../lib/gcc/arm-none-eabi/7.2.1/../../../../arm-none-eabi/lib/thumb/v7-m\libc_nano.a(lib_a-nano-mallocr.o)
                0x000022bc                _malloc_r
 .text._sbrk_r  0x00002370       0x20 e:/siliconlabs/simplicitystudio/v4/developer/toolchains/gnu_arm/7.2_2017q4/bin/../lib/gcc/arm-none-eabi/7.2.1/../../../../arm-none-eabi/lib/thumb/v7-m\libc_nano.a(lib_a-sbrkr.o)
                0x00002370                _sbrk_r
 .text.__malloc_lock
                0x00002390        0x2 e:/siliconlabs/simplicitystudio/v4/developer/toolchains/gnu_arm/7.2_2017q4/bin/../lib/gcc/arm-none-eabi/7.2.1/../../../../arm-none-eabi/lib/thumb/v7-m\libc_nano.a(lib_a-mlock.o)
                0x00002390                __malloc_lock
 .text.__malloc_unlock
                0x00002392        0x2 e:/siliconlabs/simplicitystudio/v4/developer/toolchains/gnu_arm/7.2_2017q4/bin/../lib/gcc/arm-none-eabi/7.2.1/../../../../arm-none-eabi/lib/thumb/v7-m\libc_nano.a(lib_a-mlock.o)
                0x00002392                __malloc_unlock
 .text._gettimeofday
                0x00002394       0x10 e:/siliconlabs/simplicitystudio/v4/developer/toolchains/gnu_arm/7.2_2017q4/bin/../lib/gcc/arm-none-eabi/7.2.1/../../../../arm-none-eabi/lib/thumb/v7-m\libnosys.a(gettod.o)
                0x00002394                _gettimeofday
 .text._sbrk    0x000023a4       0x1c e:/siliconlabs/simplicitystudio/v4/developer/toolchains/gnu_arm/7.2_2017q4/bin/../lib/gcc/arm-none-eabi/7.2.1/../../../../arm-none-eabi/lib/thumb/v7-m\libnosys.a(sbrk.o)
                0x000023a4                _sbrk
 .text._exit    0x000023c0        0x4 e:/siliconlabs/simplicitystudio/v4/developer/toolchains/gnu_arm/7.2_2017q4/bin/../lib/gcc/arm-none-eabi/7.2.1/../../../../arm-none-eabi/lib/thumb/v7-m\libnosys.a(_exit.o)
                0x000023c0                _exit
 *(.init)
 .init          0x000023c4        0x4 e:/siliconlabs/simplicitystudio/v4/developer/toolchains/gnu_arm/7.2_2017q4/bin/../lib/gcc/arm-none-eabi/7.2.1/thumb/v7-m/crti.o
                0x000023c4                _init
 .init          0x000023c8        0x8 e:/siliconlabs/simplicitystudio/v4/developer/toolchains/gnu_arm/7.2_2017q4/bin/../lib/gcc/arm-none-eabi/7.2.1/thumb/v7-m/crtn.o
 *(.fini)
 .fini          0x000023d0        0x4 e:/siliconlabs/simplicitystudio/v4/developer/toolchains/gnu_arm/7.2_2017q4/bin/../lib/gcc/arm-none-eabi/7.2.1/thumb/v7-m/crti.o
                0x000023d0                _fini
 .fini          0x000023d4        0x8 e:/siliconlabs/simplicitystudio/v4/developer/toolchains/gnu_arm/7.2_2017q4/bin/../lib/gcc/arm-none-eabi/7.2.1/thumb/v7-m/crtn.o
 *crtbegin.o(.ctors)
 *crtbegin?.o(.ctors)
 *(EXCLUDE_FILE(*crtend.o *crtend?.o) .ctors)
 *(SORT_BY_NAME(.ctors.*))
 *(.ctors)
 *crtbegin.o(.dtors)
 *crtbegin?.o(.dtors)
 *(EXCLUDE_FILE(*crtend.o *crtend?.o) .dtors)
 *(SORT_BY_NAME(.dtors.*))
 *(.dtors)
 *(.rodata*)
 .rodata.EFM_Display
                0x000023dc      0x1fe ./drivers/segmentlcd.o
 *fill*         0x000025da        0x2 
 .rodata.Segment_Numbers
                0x000025dc       0x22 ./drivers/segmentlcd.o
 *fill*         0x000025fe        0x2 
 .rodata.lcdInit
                0x00002600       0x14 ./drivers/segmentlcd.o
 .rodata        0x00002614       0x10 ./src/hardware_control.o
 .rodata._global_impure_ptr
                0x00002624        0x4 e:/siliconlabs/simplicitystudio/v4/developer/toolchains/gnu_arm/7.2_2017q4/bin/../lib/gcc/arm-none-eabi/7.2.1/../../../../arm-none-eabi/lib/thumb/v7-m\libc_nano.a(lib_a-impure.o)
                0x00002624                _global_impure_ptr
 *(.eh_frame*)
 .eh_frame      0x00002628        0x0 e:/siliconlabs/simplicitystudio/v4/developer/toolchains/gnu_arm/7.2_2017q4/bin/../lib/gcc/arm-none-eabi/7.2.1/thumb/v7-m/crtbegin.o
 .eh_frame      0x00002628        0x4 e:/siliconlabs/simplicitystudio/v4/developer/toolchains/gnu_arm/7.2_2017q4/bin/../lib/gcc/arm-none-eabi/7.2.1/thumb/v7-m/crtend.o

.glue_7         0x0000262c        0x0
 .glue_7        0x0000262c        0x0 linker stubs

.glue_7t        0x0000262c        0x0
 .glue_7t       0x0000262c        0x0 linker stubs

.vfp11_veneer   0x0000262c        0x0
 .vfp11_veneer  0x0000262c        0x0 linker stubs

.v4_bx          0x0000262c        0x0
 .v4_bx         0x0000262c        0x0 linker stubs

.iplt           0x0000262c        0x0
 .iplt          0x0000262c        0x0 e:/siliconlabs/simplicitystudio/v4/developer/toolchains/gnu_arm/7.2_2017q4/bin/../lib/gcc/arm-none-eabi/7.2.1/thumb/v7-m/crtbegin.o

.ARM.extab
 *(.ARM.extab* .gnu.linkonce.armextab.*)
                0x0000262c                __exidx_start = .

.ARM.exidx      0x0000262c        0x8
 *(.ARM.exidx* .gnu.linkonce.armexidx.*)
 .ARM.exidx     0x0000262c        0x8 e:/siliconlabs/simplicitystudio/v4/developer/toolchains/gnu_arm/7.2_2017q4/bin/../lib/gcc/arm-none-eabi/7.2.1/../../../../arm-none-eabi/lib/thumb/v7-m/crt0.o
                0x00002634                __exidx_end = .
                0x00002634                __etext = .

.rel.dyn        0x00002634        0x0
 .rel.iplt      0x00002634        0x0 e:/siliconlabs/simplicitystudio/v4/developer/toolchains/gnu_arm/7.2_2017q4/bin/../lib/gcc/arm-none-eabi/7.2.1/thumb/v7-m/crtbegin.o

.data           0x20000000      0x13c load address 0x00002634
                0x20000000                __data_start__ = .
 *(vtable)
 *(.data*)
 .data.SystemHFXOClock
                0x20000000        0x4 ./CMSIS/EFM32GG/system_efm32gg.o
 .data.SystemLFXOClock
                0x20000004        0x4 ./CMSIS/EFM32GG/system_efm32gg.o
 .data.SystemCoreClock
                0x20000008        0x4 ./CMSIS/EFM32GG/system_efm32gg.o
                0x20000008                SystemCoreClock
 .data.Text     0x2000000c       0xc4 ./src/segmentlcd_individual.o
                0x2000000c                Text
 .data._impure_ptr
                0x200000d0        0x4 e:/siliconlabs/simplicitystudio/v4/developer/toolchains/gnu_arm/7.2_2017q4/bin/../lib/gcc/arm-none-eabi/7.2.1/../../../../arm-none-eabi/lib/thumb/v7-m\libc_nano.a(lib_a-impure.o)
                0x200000d0                _impure_ptr
 .data.impure_data
                0x200000d4       0x60 e:/siliconlabs/simplicitystudio/v4/developer/toolchains/gnu_arm/7.2_2017q4/bin/../lib/gcc/arm-none-eabi/7.2.1/../../../../arm-none-eabi/lib/thumb/v7-m\libc_nano.a(lib_a-impure.o)
                0x20000134                . = ALIGN (0x4)
                [!provide]                PROVIDE (__ram_func_section_start, .)
 *(.ram)
                [!provide]                PROVIDE (__ram_func_section_end, .)
                0x20000134                . = ALIGN (0x4)
                0x20000134                PROVIDE (__preinit_array_start, .)
 *(.preinit_array)
                0x20000134                PROVIDE (__preinit_array_end, .)
                0x20000134                . = ALIGN (0x4)
                0x20000134                PROVIDE (__init_array_start, .)
 *(SORT_BY_NAME(.init_array.*))
 *(.init_array)
 .init_array    0x20000134        0x4 e:/siliconlabs/simplicitystudio/v4/developer/toolchains/gnu_arm/7.2_2017q4/bin/../lib/gcc/arm-none-eabi/7.2.1/thumb/v7-m/crtbegin.o
                0x20000138                PROVIDE (__init_array_end, .)
                0x20000138                . = ALIGN (0x4)
                [!provide]                PROVIDE (__fini_array_start, .)
 *(SORT_BY_NAME(.fini_array.*))
 *(.fini_array)
 .fini_array    0x20000138        0x4 e:/siliconlabs/simplicitystudio/v4/developer/toolchains/gnu_arm/7.2_2017q4/bin/../lib/gcc/arm-none-eabi/7.2.1/thumb/v7-m/crtbegin.o
                [!provide]                PROVIDE (__fini_array_end, .)
 *(.jcr*)
                0x2000013c                . = ALIGN (0x4)
                0x2000013c                __data_end__ = .

.igot.plt       0x2000013c        0x0 load address 0x00002770
 .igot.plt      0x2000013c        0x0 e:/siliconlabs/simplicitystudio/v4/developer/toolchains/gnu_arm/7.2_2017q4/bin/../lib/gcc/arm-none-eabi/7.2.1/thumb/v7-m/crtbegin.o

.bss            0x2000013c       0xa0 load address 0x00002770
                0x2000013c                . = ALIGN (0x4)
                0x2000013c                __bss_start__ = .
 *(.bss*)
 .bss           0x2000013c       0x1c e:/siliconlabs/simplicitystudio/v4/developer/toolchains/gnu_arm/7.2_2017q4/bin/../lib/gcc/arm-none-eabi/7.2.1/thumb/v7-m/crtbegin.o
 .bss.shots     0x20000158        0x4 ./src/game_logic.o
 .bss.selected  0x2000015c        0x4 ./src/game_logic.o
 .bss.ships     0x20000160       0x54 ./src/game_logic.o
 .bss.state     0x200001b4        0x1 ./src/game_logic.o
 .bss.blinkState.4259
                0x200001b5        0x1 ./src/game_logic.o
 *fill*         0x200001b6        0x2 
 .bss.cnt.4258  0x200001b8        0x4 ./src/game_logic.o
 .bss.lowerCharSegments
                0x200001bc        0xe ./src/hardware_control.o
 *fill*         0x200001ca        0x2 
 .bss.__malloc_free_list
                0x200001cc        0x4 e:/siliconlabs/simplicitystudio/v4/developer/toolchains/gnu_arm/7.2_2017q4/bin/../lib/gcc/arm-none-eabi/7.2.1/../../../../arm-none-eabi/lib/thumb/v7-m\libc_nano.a(lib_a-nano-mallocr.o)
                0x200001cc                __malloc_free_list
 .bss.__malloc_sbrk_start
                0x200001d0        0x4 e:/siliconlabs/simplicitystudio/v4/developer/toolchains/gnu_arm/7.2_2017q4/bin/../lib/gcc/arm-none-eabi/7.2.1/../../../../arm-none-eabi/lib/thumb/v7-m\libc_nano.a(lib_a-nano-mallocr.o)
                0x200001d0                __malloc_sbrk_start
 .bss.heap_end.4102
                0x200001d4        0x4 e:/siliconlabs/simplicitystudio/v4/developer/toolchains/gnu_arm/7.2_2017q4/bin/../lib/gcc/arm-none-eabi/7.2.1/../../../../arm-none-eabi/lib/thumb/v7-m\libnosys.a(sbrk.o)
 *(COMMON)
 COMMON         0x200001d8        0x4 e:/siliconlabs/simplicitystudio/v4/developer/toolchains/gnu_arm/7.2_2017q4/bin/../lib/gcc/arm-none-eabi/7.2.1/../../../../arm-none-eabi/lib/thumb/v7-m\libc_nano.a(lib_a-reent.o)
                0x200001d8                errno
                0x200001dc                . = ALIGN (0x4)
                0x200001dc                __bss_end__ = .

.heap           0x200001e0      0xc00
                0x200001e0                __HeapBase = .
                0x200001e0                __end__ = .
                0x200001e0                end = __end__
                0x200001e0                _end = __end__
 *(.heap*)
 .heap          0x200001e0      0xc00 ./CMSIS/EFM32GG/startup_efm32gg.o
                0x20000de0                __HeapLimit = .

.stack_dummy    0x200001e0      0x400
 *(.stack*)
 .stack         0x200001e0      0x400 ./CMSIS/EFM32GG/startup_efm32gg.o
                0x20020000                __StackTop = (ORIGIN (RAM) + LENGTH (RAM))
                0x2001fc00                __StackLimit = (__StackTop - SIZEOF (.stack_dummy))
                0x20020000                PROVIDE (__stack, __StackTop)
                0x00000001                ASSERT ((__StackLimit >= __HeapLimit), region RAM overflowed with stack)
                0x00000001                ASSERT ((LENGTH (FLASH) >= (__etext + SIZEOF (.data))), FLASH memory overflowed !)
OUTPUT(hazi_feladat_torpedo.axf elf32-littlearm)

.ARM.attributes
                0x00000000       0x29
 .ARM.attributes
                0x00000000       0x1d e:/siliconlabs/simplicitystudio/v4/developer/toolchains/gnu_arm/7.2_2017q4/bin/../lib/gcc/arm-none-eabi/7.2.1/thumb/v7-m/crti.o
 .ARM.attributes
                0x0000001d       0x2d e:/siliconlabs/simplicitystudio/v4/developer/toolchains/gnu_arm/7.2_2017q4/bin/../lib/gcc/arm-none-eabi/7.2.1/thumb/v7-m/crtbegin.o
 .ARM.attributes
                0x0000004a       0x1b e:/siliconlabs/simplicitystudio/v4/developer/toolchains/gnu_arm/7.2_2017q4/bin/../lib/gcc/arm-none-eabi/7.2.1/../../../../arm-none-eabi/lib/thumb/v7-m/crt0.o
 .ARM.attributes
                0x00000065       0x1b ./CMSIS/EFM32GG/startup_efm32gg.o
 .ARM.attributes
                0x00000080       0x33 ./CMSIS/EFM32GG/system_efm32gg.o
 .ARM.attributes
                0x000000b3       0x33 ./drivers/segmentlcd.o
 .ARM.attributes
                0x000000e6       0x33 ./emlib/em_cmu.o
 .ARM.attributes
                0x00000119       0x33 ./emlib/em_lcd.o
 .ARM.attributes
                0x0000014c       0x33 ./emlib/em_system.o
 .ARM.attributes
                0x0000017f       0x33 ./src/game_logic.o
 .ARM.attributes
                0x000001b2       0x33 ./src/hardware_control.o
 .ARM.attributes
                0x000001e5       0x33 ./src/main.o
 .ARM.attributes
                0x00000218       0x33 ./src/segmentlcd_individual.o
 .ARM.attributes
                0x0000024b       0x2d e:/siliconlabs/simplicitystudio/v4/developer/toolchains/gnu_arm/7.2_2017q4/bin/../lib/gcc/arm-none-eabi/7.2.1/../../../../arm-none-eabi/lib/thumb/v7-m\libc_nano.a(lib_a-exit.o)
 .ARM.attributes
                0x00000278       0x2d e:/siliconlabs/simplicitystudio/v4/developer/toolchains/gnu_arm/7.2_2017q4/bin/../lib/gcc/arm-none-eabi/7.2.1/../../../../arm-none-eabi/lib/thumb/v7-m\libc_nano.a(lib_a-impure.o)
 .ARM.attributes
                0x000002a5       0x2d e:/siliconlabs/simplicitystudio/v4/developer/toolchains/gnu_arm/7.2_2017q4/bin/../lib/gcc/arm-none-eabi/7.2.1/../../../../arm-none-eabi/lib/thumb/v7-m\libc_nano.a(lib_a-init.o)
 .ARM.attributes
                0x000002d2       0x2d e:/siliconlabs/simplicitystudio/v4/developer/toolchains/gnu_arm/7.2_2017q4/bin/../lib/gcc/arm-none-eabi/7.2.1/../../../../arm-none-eabi/lib/thumb/v7-m\libc_nano.a(lib_a-memset.o)
 .ARM.attributes
                0x000002ff       0x2d e:/siliconlabs/simplicitystudio/v4/developer/toolchains/gnu_arm/7.2_2017q4/bin/../lib/gcc/arm-none-eabi/7.2.1/../../../../arm-none-eabi/lib/thumb/v7-m\libc_nano.a(lib_a-rand.o)
 .ARM.attributes
                0x0000032c       0x2d e:/siliconlabs/simplicitystudio/v4/developer/toolchains/gnu_arm/7.2_2017q4/bin/../lib/gcc/arm-none-eabi/7.2.1/../../../../arm-none-eabi/lib/thumb/v7-m\libc_nano.a(lib_a-time.o)
 .ARM.attributes
                0x00000359       0x2d e:/siliconlabs/simplicitystudio/v4/developer/toolchains/gnu_arm/7.2_2017q4/bin/../lib/gcc/arm-none-eabi/7.2.1/../../../../arm-none-eabi/lib/thumb/v7-m\libc_nano.a(lib_a-gettimeofdayr.o)
 .ARM.attributes
                0x00000386       0x2d e:/siliconlabs/simplicitystudio/v4/developer/toolchains/gnu_arm/7.2_2017q4/bin/../lib/gcc/arm-none-eabi/7.2.1/../../../../arm-none-eabi/lib/thumb/v7-m\libc_nano.a(lib_a-malloc.o)
 .ARM.attributes
                0x000003b3       0x2d e:/siliconlabs/simplicitystudio/v4/developer/toolchains/gnu_arm/7.2_2017q4/bin/../lib/gcc/arm-none-eabi/7.2.1/../../../../arm-none-eabi/lib/thumb/v7-m\libc_nano.a(lib_a-nano-mallocr.o)
 .ARM.attributes
                0x000003e0       0x2d e:/siliconlabs/simplicitystudio/v4/developer/toolchains/gnu_arm/7.2_2017q4/bin/../lib/gcc/arm-none-eabi/7.2.1/../../../../arm-none-eabi/lib/thumb/v7-m\libc_nano.a(lib_a-reent.o)
 .ARM.attributes
                0x0000040d       0x2d e:/siliconlabs/simplicitystudio/v4/developer/toolchains/gnu_arm/7.2_2017q4/bin/../lib/gcc/arm-none-eabi/7.2.1/../../../../arm-none-eabi/lib/thumb/v7-m\libc_nano.a(lib_a-sbrkr.o)
 .ARM.attributes
                0x0000043a       0x2d e:/siliconlabs/simplicitystudio/v4/developer/toolchains/gnu_arm/7.2_2017q4/bin/../lib/gcc/arm-none-eabi/7.2.1/../../../../arm-none-eabi/lib/thumb/v7-m\libc_nano.a(lib_a-mlock.o)
 .ARM.attributes
                0x00000467       0x2d e:/siliconlabs/simplicitystudio/v4/developer/toolchains/gnu_arm/7.2_2017q4/bin/../lib/gcc/arm-none-eabi/7.2.1/../../../../arm-none-eabi/lib/thumb/v7-m\libnosys.a(gettod.o)
 .ARM.attributes
                0x00000494       0x2d e:/siliconlabs/simplicitystudio/v4/developer/toolchains/gnu_arm/7.2_2017q4/bin/../lib/gcc/arm-none-eabi/7.2.1/../../../../arm-none-eabi/lib/thumb/v7-m\libnosys.a(sbrk.o)
 .ARM.attributes
                0x000004c1       0x2d e:/siliconlabs/simplicitystudio/v4/developer/toolchains/gnu_arm/7.2_2017q4/bin/../lib/gcc/arm-none-eabi/7.2.1/../../../../arm-none-eabi/lib/thumb/v7-m\libnosys.a(_exit.o)
 .ARM.attributes
                0x000004ee       0x2d e:/siliconlabs/simplicitystudio/v4/developer/toolchains/gnu_arm/7.2_2017q4/bin/../lib/gcc/arm-none-eabi/7.2.1/thumb/v7-m/crtend.o
 .ARM.attributes
                0x0000051b       0x1d e:/siliconlabs/simplicitystudio/v4/developer/toolchains/gnu_arm/7.2_2017q4/bin/../lib/gcc/arm-none-eabi/7.2.1/thumb/v7-m/crtn.o

.comment        0x00000000       0x7e
 .comment       0x00000000       0x7e ./CMSIS/EFM32GG/system_efm32gg.o
                                 0x7f (size before relaxing)
 .comment       0x0000007e       0x7f ./drivers/segmentlcd.o
 .comment       0x0000007e       0x7f ./emlib/em_cmu.o
 .comment       0x0000007e       0x7f ./emlib/em_lcd.o
 .comment       0x0000007e       0x7f ./emlib/em_system.o
 .comment       0x0000007e       0x7f ./src/game_logic.o
 .comment       0x0000007e       0x7f ./src/hardware_control.o
 .comment       0x0000007e       0x7f ./src/main.o
 .comment       0x0000007e       0x7f ./src/segmentlcd_individual.o

.debug_line     0x00000000     0x5191
 .debug_line    0x00000000       0xd3 ./CMSIS/EFM32GG/startup_efm32gg.o
 .debug_line    0x000000d3      0x896 ./CMSIS/EFM32GG/system_efm32gg.o
 .debug_line    0x00000969      0xd6b ./drivers/segmentlcd.o
 .debug_line    0x000016d4     0x10e9 ./emlib/em_cmu.o
 .debug_line    0x000027bd      0xa5c ./emlib/em_lcd.o
 .debug_line    0x00003219      0x860 ./emlib/em_system.o
 .debug_line    0x00003a79      0x3e0 ./src/game_logic.o
 .debug_line    0x00003e59      0x9e0 ./src/hardware_control.o
 .debug_line    0x00004839       0xe9 ./src/main.o
 .debug_line    0x00004922      0x86f ./src/segmentlcd_individual.o

.debug_info     0x00000000     0x5ecc
 .debug_info    0x00000000       0x26 ./CMSIS/EFM32GG/startup_efm32gg.o
 .debug_info    0x00000026      0x75f ./CMSIS/EFM32GG/system_efm32gg.o
 .debug_info    0x00000785     0x1bb1 ./drivers/segmentlcd.o
 .debug_info    0x00002336     0x15ce ./emlib/em_cmu.o
 .debug_info    0x00003904      0xab8 ./emlib/em_lcd.o
 .debug_info    0x000043bc      0x280 ./emlib/em_system.o
 .debug_info    0x0000463c      0xb3f ./src/game_logic.o
 .debug_info    0x0000517b      0x65e ./src/hardware_control.o
 .debug_info    0x000057d9       0x7b ./src/main.o
 .debug_info    0x00005854      0x678 ./src/segmentlcd_individual.o

.debug_abbrev   0x00000000     0x1088
 .debug_abbrev  0x00000000       0x14 ./CMSIS/EFM32GG/startup_efm32gg.o
 .debug_abbrev  0x00000014      0x1b5 ./CMSIS/EFM32GG/system_efm32gg.o
 .debug_abbrev  0x000001c9      0x2b5 ./drivers/segmentlcd.o
 .debug_abbrev  0x0000047e      0x2da ./emlib/em_cmu.o
 .debug_abbrev  0x00000758      0x21e ./emlib/em_lcd.o
 .debug_abbrev  0x00000976      0x11d ./emlib/em_system.o
 .debug_abbrev  0x00000a93      0x240 ./src/game_logic.o
 .debug_abbrev  0x00000cd3      0x1dd ./src/hardware_control.o
 .debug_abbrev  0x00000eb0       0x6a ./src/main.o
 .debug_abbrev  0x00000f1a      0x16e ./src/segmentlcd_individual.o

.debug_aranges  0x00000000      0x488
 .debug_aranges
                0x00000000       0x20 ./CMSIS/EFM32GG/startup_efm32gg.o
 .debug_aranges
                0x00000020       0x70 ./CMSIS/EFM32GG/system_efm32gg.o
 .debug_aranges
                0x00000090       0xc8 ./drivers/segmentlcd.o
 .debug_aranges
                0x00000158      0x180 ./emlib/em_cmu.o
 .debug_aranges
                0x000002d8       0xa8 ./emlib/em_lcd.o
 .debug_aranges
                0x00000380       0x28 ./emlib/em_system.o
 .debug_aranges
                0x000003a8       0x38 ./src/game_logic.o
 .debug_aranges
                0x000003e0       0x50 ./src/hardware_control.o
 .debug_aranges
                0x00000430       0x20 ./src/main.o
 .debug_aranges
                0x00000450       0x38 ./src/segmentlcd_individual.o

.debug_str      0x00000000    0xdd37e
 .debug_str     0x00000000      0x103 ./CMSIS/EFM32GG/startup_efm32gg.o
 .debug_str     0x00000103    0xd2859 ./CMSIS/EFM32GG/system_efm32gg.o
                              0xd2ef1 (size before relaxing)
 .debug_str     0x000d295c     0x8430 ./drivers/segmentlcd.o
                              0xdb145 (size before relaxing)
 .debug_str     0x000dad8c      0xf70 ./emlib/em_cmu.o
                              0xd6c91 (size before relaxing)
 .debug_str     0x000dbcfc      0x3b0 ./emlib/em_lcd.o
                              0xd3371 (size before relaxing)
 .debug_str     0x000dc0ac       0xfd ./emlib/em_system.o
                              0xd2fa0 (size before relaxing)
 .debug_str     0x000dc1a9      0x1ee ./src/game_logic.o
                               0x66f8 (size before relaxing)
 .debug_str     0x000dc397      0x13c ./src/hardware_control.o
                              0xd61da (size before relaxing)
 .debug_str     0x000dc4d3       0x13 ./src/main.o
                               0x2db6 (size before relaxing)
 .debug_str     0x000dc4e6      0xe98 ./src/segmentlcd_individual.o
                              0xd3c35 (size before relaxing)

.debug_loc      0x00000000     0x23ae
 .debug_loc     0x00000000      0x31c ./CMSIS/EFM32GG/system_efm32gg.o
 .debug_loc     0x0000031c      0x66a ./drivers/segmentlcd.o
 .debug_loc     0x00000986      0xe4c ./emlib/em_cmu.o
 .debug_loc     0x000017d2      0x648 ./emlib/em_lcd.o
 .debug_loc     0x00001e1a       0xb8 ./emlib/em_system.o
 .debug_loc     0x00001ed2      0x14c ./src/game_logic.o
 .debug_loc     0x0000201e      0x20c ./src/hardware_control.o
 .debug_loc     0x0000222a       0x2c ./src/main.o
 .debug_loc     0x00002256      0x158 ./src/segmentlcd_individual.o

.debug_ranges   0x00000000      0x3d8
 .debug_ranges  0x00000000       0x60 ./CMSIS/EFM32GG/system_efm32gg.o
 .debug_ranges  0x00000060       0xb8 ./drivers/segmentlcd.o
 .debug_ranges  0x00000118      0x170 ./emlib/em_cmu.o
 .debug_ranges  0x00000288       0x98 ./emlib/em_lcd.o
 .debug_ranges  0x00000320       0x18 ./emlib/em_system.o
 .debug_ranges  0x00000338       0x28 ./src/game_logic.o
 .debug_ranges  0x00000360       0x40 ./src/hardware_control.o
 .debug_ranges  0x000003a0       0x10 ./src/main.o
 .debug_ranges  0x000003b0       0x28 ./src/segmentlcd_individual.o

.debug_macro    0x00000000    0x25511
 .debug_macro   0x00000000      0x28e ./CMSIS/EFM32GG/system_efm32gg.o
 .debug_macro   0x0000028e      0xa48 ./CMSIS/EFM32GG/system_efm32gg.o
 .debug_macro   0x00000cd6       0x22 ./CMSIS/EFM32GG/system_efm32gg.o
 .debug_macro   0x00000cf8       0x4f ./CMSIS/EFM32GG/system_efm32gg.o
 .debug_macro   0x00000d47       0x51 ./CMSIS/EFM32GG/system_efm32gg.o
 .debug_macro   0x00000d98       0xef ./CMSIS/EFM32GG/system_efm32gg.o
 .debug_macro   0x00000e87       0x6a ./CMSIS/EFM32GG/system_efm32gg.o
 .debug_macro   0x00000ef1      0x1df ./CMSIS/EFM32GG/system_efm32gg.o
 .debug_macro   0x000010d0      0x39b ./CMSIS/EFM32GG/system_efm32gg.o
 .debug_macro   0x0000146b       0x1c ./CMSIS/EFM32GG/system_efm32gg.o
 .debug_macro   0x00001487       0x22 ./CMSIS/EFM32GG/system_efm32gg.o
 .debug_macro   0x000014a9       0xc3 ./CMSIS/EFM32GG/system_efm32gg.o
 .debug_macro   0x0000156c      0xe18 ./CMSIS/EFM32GG/system_efm32gg.o
 .debug_macro   0x00002384       0xe2 ./CMSIS/EFM32GG/system_efm32gg.o
 .debug_macro   0x00002466     0x286a ./CMSIS/EFM32GG/system_efm32gg.o
 .debug_macro   0x00004cd0      0x39f ./CMSIS/EFM32GG/system_efm32gg.o
 .debug_macro   0x0000506f     0x3f12 ./CMSIS/EFM32GG/system_efm32gg.o
 .debug_macro   0x00008f81      0x9a5 ./CMSIS/EFM32GG/system_efm32gg.o
 .debug_macro   0x00009926      0x6eb ./CMSIS/EFM32GG/system_efm32gg.o
 .debug_macro   0x0000a011      0x284 ./CMSIS/EFM32GG/system_efm32gg.o
 .debug_macro   0x0000a295     0x1e38 ./CMSIS/EFM32GG/system_efm32gg.o
 .debug_macro   0x0000c0cd     0x30cc ./CMSIS/EFM32GG/system_efm32gg.o
 .debug_macro   0x0000f199      0x380 ./CMSIS/EFM32GG/system_efm32gg.o
 .debug_macro   0x0000f519      0x856 ./CMSIS/EFM32GG/system_efm32gg.o
 .debug_macro   0x0000fd6f     0x2310 ./CMSIS/EFM32GG/system_efm32gg.o
 .debug_macro   0x0001207f     0x1bf7 ./CMSIS/EFM32GG/system_efm32gg.o
 .debug_macro   0x00013c76     0x170a ./CMSIS/EFM32GG/system_efm32gg.o
 .debug_macro   0x00015380      0x6d9 ./CMSIS/EFM32GG/system_efm32gg.o
 .debug_macro   0x00015a59     0x106b ./CMSIS/EFM32GG/system_efm32gg.o
 .debug_macro   0x00016ac4     0x1d84 ./CMSIS/EFM32GG/system_efm32gg.o
 .debug_macro   0x00018848      0x33e ./CMSIS/EFM32GG/system_efm32gg.o
 .debug_macro   0x00018b86      0xa67 ./CMSIS/EFM32GG/system_efm32gg.o
 .debug_macro   0x000195ed      0xfe1 ./CMSIS/EFM32GG/system_efm32gg.o
 .debug_macro   0x0001a5ce      0x895 ./CMSIS/EFM32GG/system_efm32gg.o
 .debug_macro   0x0001ae63      0xf86 ./CMSIS/EFM32GG/system_efm32gg.o
 .debug_macro   0x0001bde9     0x12a6 ./CMSIS/EFM32GG/system_efm32gg.o
 .debug_macro   0x0001d08f      0xc4b ./CMSIS/EFM32GG/system_efm32gg.o
 .debug_macro   0x0001dcda      0x74e ./CMSIS/EFM32GG/system_efm32gg.o
 .debug_macro   0x0001e428      0x1ca ./CMSIS/EFM32GG/system_efm32gg.o
 .debug_macro   0x0001e5f2     0x1042 ./CMSIS/EFM32GG/system_efm32gg.o
 .debug_macro   0x0001f634      0x281 ./CMSIS/EFM32GG/system_efm32gg.o
 .debug_macro   0x0001f8b5       0x40 ./CMSIS/EFM32GG/system_efm32gg.o
 .debug_macro   0x0001f8f5      0x250 ./CMSIS/EFM32GG/system_efm32gg.o
 .debug_macro   0x0001fb45      0x1f1 ./CMSIS/EFM32GG/system_efm32gg.o
 .debug_macro   0x0001fd36      0x166 ./CMSIS/EFM32GG/system_efm32gg.o
 .debug_macro   0x0001fe9c      0x253 ./CMSIS/EFM32GG/system_efm32gg.o
 .debug_macro   0x000200ef     0x1bd8 ./CMSIS/EFM32GG/system_efm32gg.o
 .debug_macro   0x00021cc7       0x2e ./CMSIS/EFM32GG/system_efm32gg.o
 .debug_macro   0x00021cf5      0x428 ./CMSIS/EFM32GG/system_efm32gg.o
 .debug_macro   0x0002211d      0x428 ./CMSIS/EFM32GG/system_efm32gg.o
 .debug_macro   0x00022545      0x432 ./drivers/segmentlcd.o
 .debug_macro   0x00022977       0x52 ./drivers/segmentlcd.o
 .debug_macro   0x000229c9       0x17 ./drivers/segmentlcd.o
 .debug_macro   0x000229e0       0x55 ./drivers/segmentlcd.o
 .debug_macro   0x00022a35       0x35 ./drivers/segmentlcd.o
 .debug_macro   0x00022a6a       0x9c ./drivers/segmentlcd.o
 .debug_macro   0x00022b06       0x16 ./drivers/segmentlcd.o
 .debug_macro   0x00022b1c       0x57 ./drivers/segmentlcd.o
 .debug_macro   0x00022b73       0x97 ./drivers/segmentlcd.o
 .debug_macro   0x00022c0a      0x353 ./drivers/segmentlcd.o
 .debug_macro   0x00022f5d       0xf6 ./drivers/segmentlcd.o
 .debug_macro   0x00023053       0x10 ./drivers/segmentlcd.o
 .debug_macro   0x00023063       0x58 ./drivers/segmentlcd.o
 .debug_macro   0x000230bb       0x1f ./drivers/segmentlcd.o
 .debug_macro   0x000230da       0x43 ./drivers/segmentlcd.o
 .debug_macro   0x0002311d       0x20 ./drivers/segmentlcd.o
 .debug_macro   0x0002313d      0x18e ./drivers/segmentlcd.o
 .debug_macro   0x000232cb       0x10 ./drivers/segmentlcd.o
 .debug_macro   0x000232db       0xb6 ./drivers/segmentlcd.o
 .debug_macro   0x00023391       0x16 ./drivers/segmentlcd.o
 .debug_macro   0x000233a7      0x129 ./drivers/segmentlcd.o
 .debug_macro   0x000234d0       0x16 ./drivers/segmentlcd.o
 .debug_macro   0x000234e6       0x35 ./drivers/segmentlcd.o
 .debug_macro   0x0002351b       0x16 ./drivers/segmentlcd.o
 .debug_macro   0x00023531       0x22 ./drivers/segmentlcd.o
 .debug_macro   0x00023553       0x22 ./drivers/segmentlcd.o
 .debug_macro   0x00023575       0xbd ./drivers/segmentlcd.o
 .debug_macro   0x00023632       0x10 ./drivers/segmentlcd.o
 .debug_macro   0x00023642       0xcd ./drivers/segmentlcd.o
 .debug_macro   0x0002370f       0x69 ./drivers/segmentlcd.o
 .debug_macro   0x00023778      0x322 ./drivers/segmentlcd.o
 .debug_macro   0x00023a9a       0x1d ./drivers/segmentlcd.o
 .debug_macro   0x00023ab7      0x117 ./drivers/segmentlcd.o
 .debug_macro   0x00023bce       0x22 ./drivers/segmentlcd.o
 .debug_macro   0x00023bf0      0x367 ./emlib/em_cmu.o
 .debug_macro   0x00023f57      0x16d ./emlib/em_cmu.o
 .debug_macro   0x000240c4       0x58 ./emlib/em_cmu.o
 .debug_macro   0x0002411c      0x34d ./emlib/em_cmu.o
 .debug_macro   0x00024469       0x25 ./emlib/em_cmu.o
 .debug_macro   0x0002448e       0xee ./emlib/em_cmu.o
 .debug_macro   0x0002457c       0x1f ./emlib/em_cmu.o
 .debug_macro   0x0002459b      0x29b ./emlib/em_lcd.o
 .debug_macro   0x00024836       0x17 ./emlib/em_lcd.o
 .debug_macro   0x0002484d      0x295 ./emlib/em_system.o
 .debug_macro   0x00024ae2      0x173 ./src/game_logic.o
 .debug_macro   0x00024c55       0x10 ./src/game_logic.o
 .debug_macro   0x00024c65       0x10 ./src/game_logic.o
 .debug_macro   0x00024c75      0x10e ./src/game_logic.o
 .debug_macro   0x00024d83       0x86 ./src/game_logic.o
 .debug_macro   0x00024e09       0x16 ./src/game_logic.o
 .debug_macro   0x00024e1f       0x10 ./src/game_logic.o
 .debug_macro   0x00024e2f       0x10 ./src/game_logic.o
 .debug_macro   0x00024e3f       0x2e ./src/game_logic.o
 .debug_macro   0x00024e6d      0x2e8 ./src/hardware_control.o
 .debug_macro   0x00025155       0xc7 ./src/hardware_control.o
 .debug_macro   0x0002521c       0x16 ./src/hardware_control.o
 .debug_macro   0x00025232       0x2c ./src/main.o
 .debug_macro   0x0002525e      0x2a3 ./src/segmentlcd_individual.o
 .debug_macro   0x00025501       0x10 ./src/segmentlcd_individual.o

.debug_frame    0x00000000     0x1368
 .debug_frame   0x00000000      0x180 ./CMSIS/EFM32GG/system_efm32gg.o
 .debug_frame   0x00000180      0x318 ./drivers/segmentlcd.o
 .debug_frame   0x00000498      0x690 ./emlib/em_cmu.o
 .debug_frame   0x00000b28      0x2d0 ./emlib/em_lcd.o
 .debug_frame   0x00000df8       0x60 ./emlib/em_system.o
 .debug_frame   0x00000e58       0xac ./src/game_logic.o
 .debug_frame   0x00000f04      0x108 ./src/hardware_control.o
 .debug_frame   0x0000100c       0x2c ./src/main.o
 .debug_frame   0x00001038       0xa8 ./src/segmentlcd_individual.o
 .debug_frame   0x000010e0       0x28 e:/siliconlabs/simplicitystudio/v4/developer/toolchains/gnu_arm/7.2_2017q4/bin/../lib/gcc/arm-none-eabi/7.2.1/../../../../arm-none-eabi/lib/thumb/v7-m\libc_nano.a(lib_a-exit.o)
 .debug_frame   0x00001108       0x2c e:/siliconlabs/simplicitystudio/v4/developer/toolchains/gnu_arm/7.2_2017q4/bin/../lib/gcc/arm-none-eabi/7.2.1/../../../../arm-none-eabi/lib/thumb/v7-m\libc_nano.a(lib_a-init.o)
 .debug_frame   0x00001134       0x20 e:/siliconlabs/simplicitystudio/v4/developer/toolchains/gnu_arm/7.2_2017q4/bin/../lib/gcc/arm-none-eabi/7.2.1/../../../../arm-none-eabi/lib/thumb/v7-m\libc_nano.a(lib_a-memset.o)
 .debug_frame   0x00001154       0x48 e:/siliconlabs/simplicitystudio/v4/developer/toolchains/gnu_arm/7.2_2017q4/bin/../lib/gcc/arm-none-eabi/7.2.1/../../../../arm-none-eabi/lib/thumb/v7-m\libc_nano.a(lib_a-rand.o)
 .debug_frame   0x0000119c       0x2c e:/siliconlabs/simplicitystudio/v4/developer/toolchains/gnu_arm/7.2_2017q4/bin/../lib/gcc/arm-none-eabi/7.2.1/../../../../arm-none-eabi/lib/thumb/v7-m\libc_nano.a(lib_a-time.o)
 .debug_frame   0x000011c8       0x2c e:/siliconlabs/simplicitystudio/v4/developer/toolchains/gnu_arm/7.2_2017q4/bin/../lib/gcc/arm-none-eabi/7.2.1/../../../../arm-none-eabi/lib/thumb/v7-m\libc_nano.a(lib_a-gettimeofdayr.o)
 .debug_frame   0x000011f4       0x30 e:/siliconlabs/simplicitystudio/v4/developer/toolchains/gnu_arm/7.2_2017q4/bin/../lib/gcc/arm-none-eabi/7.2.1/../../../../arm-none-eabi/lib/thumb/v7-m\libc_nano.a(lib_a-malloc.o)
 .debug_frame   0x00001224       0x2c e:/siliconlabs/simplicitystudio/v4/developer/toolchains/gnu_arm/7.2_2017q4/bin/../lib/gcc/arm-none-eabi/7.2.1/../../../../arm-none-eabi/lib/thumb/v7-m\libc_nano.a(lib_a-nano-mallocr.o)
 .debug_frame   0x00001250       0x5c e:/siliconlabs/simplicitystudio/v4/developer/toolchains/gnu_arm/7.2_2017q4/bin/../lib/gcc/arm-none-eabi/7.2.1/../../../../arm-none-eabi/lib/thumb/v7-m\libc_nano.a(lib_a-reent.o)
 .debug_frame   0x000012ac       0x2c e:/siliconlabs/simplicitystudio/v4/developer/toolchains/gnu_arm/7.2_2017q4/bin/../lib/gcc/arm-none-eabi/7.2.1/../../../../arm-none-eabi/lib/thumb/v7-m\libc_nano.a(lib_a-sbrkr.o)
 .debug_frame   0x000012d8       0x30 e:/siliconlabs/simplicitystudio/v4/developer/toolchains/gnu_arm/7.2_2017q4/bin/../lib/gcc/arm-none-eabi/7.2.1/../../../../arm-none-eabi/lib/thumb/v7-m\libc_nano.a(lib_a-mlock.o)
 .debug_frame   0x00001308       0x20 e:/siliconlabs/simplicitystudio/v4/developer/toolchains/gnu_arm/7.2_2017q4/bin/../lib/gcc/arm-none-eabi/7.2.1/../../../../arm-none-eabi/lib/thumb/v7-m\libnosys.a(gettod.o)
 .debug_frame   0x00001328       0x20 e:/siliconlabs/simplicitystudio/v4/developer/toolchains/gnu_arm/7.2_2017q4/bin/../lib/gcc/arm-none-eabi/7.2.1/../../../../arm-none-eabi/lib/thumb/v7-m\libnosys.a(sbrk.o)
 .debug_frame   0x00001348       0x20 e:/siliconlabs/simplicitystudio/v4/developer/toolchains/gnu_arm/7.2_2017q4/bin/../lib/gcc/arm-none-eabi/7.2.1/../../../../arm-none-eabi/lib/thumb/v7-m\libnosys.a(_exit.o)

.stab           0x00000000       0x24
 .stab          0x00000000       0x24 e:/siliconlabs/simplicitystudio/v4/developer/toolchains/gnu_arm/7.2_2017q4/bin/../lib/gcc/arm-none-eabi/7.2.1/../../../../arm-none-eabi/lib/thumb/v7-m\libnosys.a(gettod.o)

.stabstr        0x00000000       0x4e
 .stabstr       0x00000000       0x4e e:/siliconlabs/simplicitystudio/v4/developer/toolchains/gnu_arm/7.2_2017q4/bin/../lib/gcc/arm-none-eabi/7.2.1/../../../../arm-none-eabi/lib/thumb/v7-m\libnosys.a(gettod.o)
